[
  {
    "GlobalID": "00000000-0000-0000-0001-000000000002",
    "Creator": "first last",
    "Created": "2025-01-01",
    "Editor": "first last",
    "Edited": "2025-02-01",
    "parent_globalid": "00000000-0000-0000-0002-000000000001",
    "gemeente": "text_value",
    "regio": "text_value",
    "vertrouwelijkheid": "ProvincieGemeente",
    "jaartal": 2025,
    "meergezins_koop1": 0,
    "meergezins_koop2": 0,
    "meergezins_koop3": 0,
    "meergezins_koop4": 0,
    "meergezins_koop_onb": 0,
    "meergezins_huur1": 1,
    "meergezins_huur2": 1,
    "meergezins_huur3": 1,
    "meergezins_huur4": 1,
    "meergezins_huur_onb": 0,
    "meergezins_onbekend": 0,
    "eengezins_koop1": 0,
    "eengezins_koop2": 0,
    "eengezins_koop3": 0,
    "eengezins_koop4": 0,
    "eengezins_koop_onb": 0,
    "eengezins_huur1": 0,
    "eengezins_huur2": 1,
    "eengezins_huur3": 1,
    "eengezins_huur4": 0,
    "eengezins_huur_onb": 0,
    "eengezins_onbekend": 0,
    "onbekend_koop1": 0,
    "onbekend_koop2": 0,
    "onbekend_koop3": 0,
    "onbekend_koop4": 0,
    "onbekend_koop_onb": 0,
    "onbekend_huur1": 0,
    "onbekend_huur2": 0,
    "onbekend_huur3": 0,
    "onbekend_huur4": 0,
    "onbekend_huur_onb": 0,
    "onbekend_onbekend": 0,
    "bouw_gerealiseerd": "Nee",
    "sloop_meergezins_koop1": 0,
    "sloop_meergezins_koop2": 0,
    "sloop_meergezins_koop3": 0,
    "sloop_meergezins_koop4": 0,
    "sloop_meergezins_koop_onb": 0,
    "sloop_meergezins_huur1": 0,
    "sloop_meergezins_huur2": 0,
    "sloop_meergezins_huur3": 0,
    "sloop_meergezins_huur4": 0,
    "sloop_meergezins_huur_onb": 0,
    "sloop_meergezins_onbekend": 0,
    "sloop_eengezins_koop1": 0,
    "sloop_eengezins_koop2": 0,
    "sloop_eengezins_koop3": 0,
    "sloop_eengezins_koop4": 0,
    "sloop_eengezins_koop_onb": 0,
    "sloop_eengezins_huur1": 0,
    "sloop_eengezins_huur2": 0,
    "sloop_eengezins_huur3": 0,
    "sloop_eengezins_huur4": 0,
    "sloop_eengezins_huur_onb": 0,
    "sloop_eengezins_onbekend": 0,
    "sloop_onbekend_koop1": 0,
    "sloop_onbekend_koop2": 0,
    "sloop_onbekend_koop3": 0,
    "sloop_onbekend_koop4": 0,
    "sloop_onbekend_koop_onb": 0,
    "sloop_onbekend_huur1": 0,
    "sloop_onbekend_huur2": 0,
    "sloop_onbekend_huur3": 0,
    "sloop_onbekend_huur4": 0,
    "sloop_onbekend_huur_onb": 0,
    "sloop_onbekend_onbekend": 0,
    "sloop_gerealiseerd": "Nee"
  },
  {
    "GlobalID": "00000000-0000-0000-0001-000000000003",
    "Creator": "first last",
    "Created": "2025-01-01",
    "Editor": "first last",
    "Edited": "2025-02-01",
    "parent_globalid": "00000000-0000-0000-0002-000000000001",
    "gemeente": "text_value",
    "regio": "text_value",
    "vertrouwelijkheid": "ProvincieGemeente",
    "jaartal": 2026,
    "meergezins_koop1": 0,
    "meergezins_koop2": 0,
    "meergezins_koop3": 0,
    "meergezins_koop4": 0,
    "meergezins_koop_onb": 0,
    "meergezins_huur1": 0,
    "meergezins_huur2": 0,
    "meergezins_huur3": 0,
    "meergezins_huur4": 0,
    "meergezins_huur_onb": 0,
    "meergezins_onbekend": 0,
    "eengezins_koop1": 0,
    "eengezins_koop2": 0,
    "eengezins_koop3": 0,
    "eengezins_koop4": 0,
    "eengezins_koop_onb": 0,
    "eengezins_huur1": 0,
    "eengezins_huur2": 0,
    "eengezins_huur3": 0,
    "eengezins_huur4": 0,
    "eengezins_huur_onb": 0,
    "eengezins_onbekend": 0,
    "onbekend_koop1": 0,
    "onbekend_koop2": 0,
    "onbekend_koop3": 0,
    "onbekend_koop4": 0,
    "onbekend_koop_onb": 0,
    "onbekend_huur1": 0,
    "onbekend_huur2": 0,
    "onbekend_huur3": 0,
    "onbekend_huur4": 0,
    "onbekend_huur_onb": 0,
    "onbekend_onbekend": 0,
    "bouw_gerealiseerd": "Ja",
    "sloop_meergezins_koop1": 0,
    "sloop_meergezins_koop2": 0,
    "sloop_meergezins_koop3": 0,
    "sloop_meergezins_koop4": 0,
    "sloop_meergezins_koop_onb": 0,
    "sloop_meergezins_huur1": 0,
    "sloop_meergezins_huur2": 0,
    "sloop_meergezins_huur3": 0,
    "sloop_meergezins_huur4": 0,
    "sloop_meergezins_huur_onb": 0,
    "sloop_meergezins_onbekend": 0,
    "sloop_eengezins_koop1": 0,
    "sloop_eengezins_koop2": 1,
    "sloop_eengezins_koop3": 0,
    "sloop_eengezins_koop4": 0,
    "sloop_eengezins_koop_onb": 0,
    "sloop_eengezins_huur1": 0,
    "sloop_eengezins_huur2": 0,
    "sloop_eengezins_huur3": 0,
    "sloop_eengezins_huur4": 0,
    "sloop_eengezins_huur_onb": 0,
    "sloop_eengezins_onbekend": 0,
    "sloop_onbekend_koop1": 0,
    "sloop_onbekend_koop2": 0,
    "sloop_onbekend_koop3": 0,
    "sloop_onbekend_koop4": 0,
    "sloop_onbekend_koop_onb": 0,
    "sloop_onbekend_huur1": 0,
    "sloop_onbekend_huur2": 0,
    "sloop_onbekend_huur3": 0,
    "sloop_onbekend_huur4": 0,
    "sloop_onbekend_huur_onb": 0,
    "sloop_onbekend_onbekend": 0,
    "sloop_gerealiseerd": "Ja"
  }
]
