{
  "type": "Feature",
  "geometry": {
    "type": "MultiPolygon",
    "coordinates": [
      [
        [
          [146700.0032473421, 521176.29685654776],
          [146550.0015787365, 521049.97625574336],
          [146447.91226347035, 519999.9741333354],
          [146418.7433300885, 519699.97360727994],
          [146199.97654099308, 517449.9713178787],
          [144499.9589678819, 516526.74807443365],
          [142299.937368273, 515331.9911362055],
          [139599.9182382993, 513865.70934565633],
          [138266.791544115, 513141.7386622641],
          [137935.01506630122, 512961.56400245265],
          [133814.38577827546, 510723.8052024909],
          [135864.91900623095, 508000.0051045936],
          [146699.9317261782, 508000.0040677354],
          [146699.9687133115, 515499.95634588617],
          [146700.0032473421, 521176.29685654776]
        ]
      ]
    ]
  },
  "properties": {
    "aandachtsgroepen": "",
    "aantal_geclusterde_woningen": 17,
    "aantal_huurwoningen_corporatie": 4,
    "aantal_middenhuur_corporatie": 0,
    "aantal_nultreden_woningen": 17,
    "aantal_tijdelijke_woningen": 17,
    "aantal_zorggeschikte_woningen": 17,
    "beoogd_woonmilieu_ABF13": "",
    "beoogd_woonmilieu_ABF5": "",
    "bestemmingsplan": "text_value",
    "Created": "2025-01-01",
    "Edited": "2025-02-01",
    "Editor": "first last",
    "energieconcept": "",
    "gemeente": "text_value",
    "GlobalID": "fdd87435-025f-48ed-a2b4-d765246040cd",
    "koppelid": "fdd87435-025f-48ed-a2b4-d765246040cd",
    "masterplan": "text_value",
    "onzelfstandige_wooneenheden": 17,
    "opdrachtgever_naam": "text_value",
    "opdrachtgever_type": "",
    "oplevering_eerste": "2025-03-01",
    "oplevering_laatste": "2025-03-03",
    "opmerkingen_basis": "text_value",
    "opmerkingen_kwalitatief": "text_value",
    "opmerkingen_status": "text_value",
    "overkoepelende_plan_id": null,
    "overkoepelende_plan_naam": null,
    "plannaam": "project name",
    "plantype": "Transformatiegebied",
    "projectfase": "4. Voorbereiding",
    "provincie": "Gelderland",
    "realisatiekans": "",
    "regio": "text_value",
    "sleutelproject": "",
    "status_planologisch": "2B. Vastgesteld, uitwerkingsplicht",
    "tapwatervoorziening": "",
    "toelichting_knelpunten": "text_value",
    "Totaal_bouw": 6,
    "Totaal_eengezins_resterend": 2,
    "Totaal_eigendom_onbekend": 0,
    "Totaal_gerealiseerd": 4,
    "Totaal_huur_onbekend": 1,
    "Totaal_huur_resterend": 2,
    "Totaal_huur1": 4,
    "Totaal_huur2": 0,
    "Totaal_huur3": 0,
    "Totaal_huur4": 1,
    "Totaal_koop_huur_onbekend_resterend": 0,
    "Totaal_koop_onbekend": 0,
    "Totaal_koop_resterend": -1,
    "Totaal_koop1": -1,
    "Totaal_koop2": 0,
    "Totaal_koop3": 0,
    "Totaal_koop4": 0,
    "Totaal_meergezins_resterend": 0,
    "Totaal_netto_gerealiseerd": 4,
    "Totaal_netto_resterend": 1,
    "Totaal_netto": 5,
    "Totaal_resterend": 2,
    "Totaal_sloop_gerealiseerd": 0,
    "Totaal_sloop_resterend": 1,
    "Totaal_sloop": 1,
    "Totaal_type_onbekend_resterend": 0,
    "verhuurder_type": "",
    "vertrouwelijkheid": "ProvincieGemeente",
    "woonplaats": "text_value",
    "zoekgebied": "text_value"
  }
}
